// Jest Snapshot v1, https://goo.gl/fbAQLP

exports[`Pruebas en <GifItem /> debe hacer match con el snapshot 1`] = `
Object {
  "container": <div>
    <div
      class="card"
    >
      <img
        alt="Titulo"
        src="https://titulo.com/imagen.jpg"
      />
      <p>
         
        Titulo
         
      </p>
    </div>
  </div>,
}
`;
